// Jest Snapshot v1, https://goo.gl/fbAQLP

exports[`<Home /> renders 1`] = `
<div
  className="clearfix mainheader"
>
  <div
    className="float-left"
  >
    <div
      className="site-name"
    >
      REact-betot
    </div>
  </div>
  <div
    className="float-right"
  >
    <ul
      style={
        Object {
          "padding": "13px 1rem",
        }
      }
    >
      <li>
        <Link
          replace={false}
          to="/"
        >
          Home
        </Link>
      </li>
      <li>
        <Link
          replace={false}
          to="/posts"
        >
          Posts
        </Link>
      </li>
      <li>
        <Link
          replace={false}
          to="/about"
        >
          About
        </Link>
      </li>
    </ul>
  </div>
</div>
`;
